- /msg and /typing not working (check every functionality again)